
==========================================================================
global place report_tns
--------------------------------------------------------------------------
tns max 0.00

==========================================================================
global place report_wns
--------------------------------------------------------------------------
wns max 0.00

==========================================================================
global place report_worst_slack
--------------------------------------------------------------------------
worst slack max 8.62

==========================================================================
global place report_clock_min_period
--------------------------------------------------------------------------
core_clock period_min = 1.38 fmax = 723.63

==========================================================================
global place report_checks -path_delay min
--------------------------------------------------------------------------
Startpoint: master.clk_cnt[15]$_DFF_PP0_
            (rising edge-triggered flip-flop clocked by core_clock)
Endpoint: master.clk_cnt[15]$_DFF_PP0_
          (rising edge-triggered flip-flop clocked by core_clock)
Path Group: core_clock
Path Type: min

Fanout     Cap    Slew   Delay    Time   Description
-----------------------------------------------------------------------------
                  0.00    0.00    0.00   clock core_clock (rise edge)
                          0.00    0.00   clock network delay (ideal)
                  0.00    0.00    0.00 ^ master.clk_cnt[15]$_DFF_PP0_/CLK (sky130_fd_sc_hd__dfrtp_1)
     2    0.01    0.10    0.35    0.35 ^ master.clk_cnt[15]$_DFF_PP0_/Q (sky130_fd_sc_hd__dfrtp_1)
                                         master.clk_cnt[15] (net)
                  0.10    0.00    0.35 ^ _373_/A (sky130_fd_sc_hd__xor2_1)
     1    0.00    0.04    0.07    0.42 v _373_/X (sky130_fd_sc_hd__xor2_1)
                                         _019_ (net)
                  0.04    0.00    0.42 v master.clk_cnt[15]$_DFF_PP0_/D (sky130_fd_sc_hd__dfrtp_1)
                                  0.42   data arrival time

                  0.00    0.00    0.00   clock core_clock (rise edge)
                          0.00    0.00   clock network delay (ideal)
                          0.00    0.00   clock reconvergence pessimism
                                  0.00 ^ master.clk_cnt[15]$_DFF_PP0_/CLK (sky130_fd_sc_hd__dfrtp_1)
                         -0.05   -0.05   library hold time
                                 -0.05   data required time
-----------------------------------------------------------------------------
                                 -0.05   data required time
                                 -0.42   data arrival time
-----------------------------------------------------------------------------
                                  0.47   slack (MET)



==========================================================================
global place report_checks -path_delay max
--------------------------------------------------------------------------
Startpoint: master.clk_cnt[9]$_DFF_PP0_
            (rising edge-triggered flip-flop clocked by core_clock)
Endpoint: master.scl_int$_DFFE_PP1N_
          (rising edge-triggered flip-flop clocked by core_clock)
Path Group: core_clock
Path Type: max

Fanout     Cap    Slew   Delay    Time   Description
-----------------------------------------------------------------------------
                  0.00    0.00    0.00   clock core_clock (rise edge)
                          0.00    0.00   clock network delay (ideal)
                  0.00    0.00    0.00 ^ master.clk_cnt[9]$_DFF_PP0_/CLK (sky130_fd_sc_hd__dfrtp_1)
     6    0.02    0.10    0.40    0.40 v master.clk_cnt[9]$_DFF_PP0_/Q (sky130_fd_sc_hd__dfrtp_1)
                                         master.clk_cnt[9] (net)
                  0.10    0.00    0.40 v _326_/A (sky130_fd_sc_hd__nor4b_1)
     1    0.00    0.22    0.28    0.69 ^ _326_/Y (sky130_fd_sc_hd__nor4b_1)
                                         _152_ (net)
                  0.22    0.00    0.69 ^ _328_/C (sky130_fd_sc_hd__and4_1)
     9    0.04    0.35    0.44    1.13 ^ _328_/X (sky130_fd_sc_hd__and4_1)
                                         _154_ (net)
                  0.35    0.00    1.13 ^ _413_/B (sky130_fd_sc_hd__xor2_1)
     1    0.00    0.12    0.17    1.31 ^ _413_/X (sky130_fd_sc_hd__xor2_1)
                                         _082_ (net)
                  0.12    0.00    1.31 ^ master.scl_int$_DFFE_PP1N_/D (sky130_fd_sc_hd__dfstp_2)
                                  1.31   data arrival time

                  0.00   10.00   10.00   clock core_clock (rise edge)
                          0.00   10.00   clock network delay (ideal)
                          0.00   10.00   clock reconvergence pessimism
                                 10.00 ^ master.scl_int$_DFFE_PP1N_/CLK (sky130_fd_sc_hd__dfstp_2)
                         -0.08    9.92   library setup time
                                  9.92   data required time
-----------------------------------------------------------------------------
                                  9.92   data required time
                                 -1.31   data arrival time
-----------------------------------------------------------------------------
                                  8.62   slack (MET)



==========================================================================
global place report_checks -unconstrained
--------------------------------------------------------------------------
Startpoint: master.clk_cnt[9]$_DFF_PP0_
            (rising edge-triggered flip-flop clocked by core_clock)
Endpoint: master.scl_int$_DFFE_PP1N_
          (rising edge-triggered flip-flop clocked by core_clock)
Path Group: core_clock
Path Type: max

Fanout     Cap    Slew   Delay    Time   Description
-----------------------------------------------------------------------------
                  0.00    0.00    0.00   clock core_clock (rise edge)
                          0.00    0.00   clock network delay (ideal)
                  0.00    0.00    0.00 ^ master.clk_cnt[9]$_DFF_PP0_/CLK (sky130_fd_sc_hd__dfrtp_1)
     6    0.02    0.10    0.40    0.40 v master.clk_cnt[9]$_DFF_PP0_/Q (sky130_fd_sc_hd__dfrtp_1)
                                         master.clk_cnt[9] (net)
                  0.10    0.00    0.40 v _326_/A (sky130_fd_sc_hd__nor4b_1)
     1    0.00    0.22    0.28    0.69 ^ _326_/Y (sky130_fd_sc_hd__nor4b_1)
                                         _152_ (net)
                  0.22    0.00    0.69 ^ _328_/C (sky130_fd_sc_hd__and4_1)
     9    0.04    0.35    0.44    1.13 ^ _328_/X (sky130_fd_sc_hd__and4_1)
                                         _154_ (net)
                  0.35    0.00    1.13 ^ _413_/B (sky130_fd_sc_hd__xor2_1)
     1    0.00    0.12    0.17    1.31 ^ _413_/X (sky130_fd_sc_hd__xor2_1)
                                         _082_ (net)
                  0.12    0.00    1.31 ^ master.scl_int$_DFFE_PP1N_/D (sky130_fd_sc_hd__dfstp_2)
                                  1.31   data arrival time

                  0.00   10.00   10.00   clock core_clock (rise edge)
                          0.00   10.00   clock network delay (ideal)
                          0.00   10.00   clock reconvergence pessimism
                                 10.00 ^ master.scl_int$_DFFE_PP1N_/CLK (sky130_fd_sc_hd__dfstp_2)
                         -0.08    9.92   library setup time
                                  9.92   data required time
-----------------------------------------------------------------------------
                                  9.92   data required time
                                 -1.31   data arrival time
-----------------------------------------------------------------------------
                                  8.62   slack (MET)



==========================================================================
global place report_power
--------------------------------------------------------------------------
Group                  Internal  Switching    Leakage      Total
                          Power      Power      Power      Power (Watts)
----------------------------------------------------------------
Sequential             7.07e-05   0.00e+00   6.39e-10   7.07e-05  85.9%
Combinational          7.65e-06   3.92e-06   7.24e-10   1.16e-05  14.1%
Clock                  0.00e+00   0.00e+00   0.00e+00   0.00e+00   0.0%
Macro                  0.00e+00   0.00e+00   0.00e+00   0.00e+00   0.0%
Pad                    0.00e+00   0.00e+00   0.00e+00   0.00e+00   0.0%
----------------------------------------------------------------
Total                  7.83e-05   3.92e-06   1.36e-09   8.22e-05 100.0%
                          95.2%       4.8%       0.0%
