
==========================================================================
cts final report_tns
--------------------------------------------------------------------------
tns max 0.00

==========================================================================
cts final report_wns
--------------------------------------------------------------------------
wns max 0.00

==========================================================================
cts final report_worst_slack
--------------------------------------------------------------------------
worst slack max 8.56

==========================================================================
cts final report_clock_min_period
--------------------------------------------------------------------------
core_clock period_min = 1.44 fmax = 694.07

==========================================================================
cts final report_clock_skew
--------------------------------------------------------------------------
Clock core_clock
   0.25 source latency master.clk_cnt[10]$_DFF_PP0_/CLK ^
  -0.25 target latency master.clk_cnt[6]$_DFF_PP0_/CLK ^
   0.00 CRPR
--------------
   0.00 setup skew


==========================================================================
cts final report_checks -path_delay min
--------------------------------------------------------------------------
Startpoint: master.clk_cnt[15]$_DFF_PP0_
            (rising edge-triggered flip-flop clocked by core_clock)
Endpoint: master.clk_cnt[15]$_DFF_PP0_
          (rising edge-triggered flip-flop clocked by core_clock)
Path Group: core_clock
Path Type: min

Fanout     Cap    Slew   Delay    Time   Description
-----------------------------------------------------------------------------
                          0.00    0.00   clock core_clock (rise edge)
                          0.00    0.00   clock source latency
     1    0.01    0.00    0.00    0.00 ^ clk (in)
                                         clk (net)
                  0.00    0.00    0.00 ^ clkbuf_0_clk/A (sky130_fd_sc_hd__clkbuf_8)
     2    0.01    0.04    0.11    0.11 ^ clkbuf_0_clk/X (sky130_fd_sc_hd__clkbuf_8)
                                         clknet_0_clk (net)
                  0.04    0.00    0.11 ^ clkbuf_1_0__f_clk/A (sky130_fd_sc_hd__clkbuf_8)
     9    0.03    0.06    0.14    0.25 ^ clkbuf_1_0__f_clk/X (sky130_fd_sc_hd__clkbuf_8)
                                         clknet_1_0__leaf_clk (net)
                  0.06    0.00    0.25 ^ master.clk_cnt[15]$_DFF_PP0_/CLK (sky130_fd_sc_hd__dfrtp_1)
     2    0.01    0.09    0.36    0.61 ^ master.clk_cnt[15]$_DFF_PP0_/Q (sky130_fd_sc_hd__dfrtp_1)
                                         master.clk_cnt[15] (net)
                  0.09    0.00    0.61 ^ _373_/A (sky130_fd_sc_hd__xor2_1)
     1    0.00    0.04    0.08    0.69 v _373_/X (sky130_fd_sc_hd__xor2_1)
                                         _019_ (net)
                  0.04    0.00    0.69 v master.clk_cnt[15]$_DFF_PP0_/D (sky130_fd_sc_hd__dfrtp_1)
                                  0.69   data arrival time

                          0.00    0.00   clock core_clock (rise edge)
                          0.00    0.00   clock source latency
     1    0.01    0.00    0.00    0.00 ^ clk (in)
                                         clk (net)
                  0.00    0.00    0.00 ^ clkbuf_0_clk/A (sky130_fd_sc_hd__clkbuf_8)
     2    0.01    0.04    0.11    0.11 ^ clkbuf_0_clk/X (sky130_fd_sc_hd__clkbuf_8)
                                         clknet_0_clk (net)
                  0.04    0.00    0.11 ^ clkbuf_1_0__f_clk/A (sky130_fd_sc_hd__clkbuf_8)
     9    0.03    0.06    0.14    0.25 ^ clkbuf_1_0__f_clk/X (sky130_fd_sc_hd__clkbuf_8)
                                         clknet_1_0__leaf_clk (net)
                  0.06    0.00    0.25 ^ master.clk_cnt[15]$_DFF_PP0_/CLK (sky130_fd_sc_hd__dfrtp_1)
                          0.00    0.25   clock reconvergence pessimism
                         -0.04    0.21   library hold time
                                  0.21   data required time
-----------------------------------------------------------------------------
                                  0.21   data required time
                                 -0.69   data arrival time
-----------------------------------------------------------------------------
                                  0.48   slack (MET)



==========================================================================
cts final report_checks -path_delay max
--------------------------------------------------------------------------
Startpoint: master.clk_cnt[9]$_DFF_PP0_
            (rising edge-triggered flip-flop clocked by core_clock)
Endpoint: master.scl_int$_DFFE_PP1N_
          (rising edge-triggered flip-flop clocked by core_clock)
Path Group: core_clock
Path Type: max

Fanout     Cap    Slew   Delay    Time   Description
-----------------------------------------------------------------------------
                          0.00    0.00   clock core_clock (rise edge)
                          0.00    0.00   clock source latency
     1    0.01    0.00    0.00    0.00 ^ clk (in)
                                         clk (net)
                  0.00    0.00    0.00 ^ clkbuf_0_clk/A (sky130_fd_sc_hd__clkbuf_8)
     2    0.01    0.04    0.11    0.11 ^ clkbuf_0_clk/X (sky130_fd_sc_hd__clkbuf_8)
                                         clknet_0_clk (net)
                  0.04    0.00    0.11 ^ clkbuf_1_0__f_clk/A (sky130_fd_sc_hd__clkbuf_8)
     9    0.03    0.06    0.14    0.25 ^ clkbuf_1_0__f_clk/X (sky130_fd_sc_hd__clkbuf_8)
                                         clknet_1_0__leaf_clk (net)
                  0.06    0.00    0.25 ^ master.clk_cnt[9]$_DFF_PP0_/CLK (sky130_fd_sc_hd__dfrtp_1)
     6    0.02    0.11    0.44    0.69 v master.clk_cnt[9]$_DFF_PP0_/Q (sky130_fd_sc_hd__dfrtp_1)
                                         master.clk_cnt[9] (net)
                  0.11    0.00    0.69 v _326_/A (sky130_fd_sc_hd__nor4b_1)
     1    0.00    0.24    0.30    0.99 ^ _326_/Y (sky130_fd_sc_hd__nor4b_1)
                                         _152_ (net)
                  0.24    0.00    0.99 ^ _328_/C (sky130_fd_sc_hd__and4_1)
     9    0.03    0.33    0.44    1.43 ^ _328_/X (sky130_fd_sc_hd__and4_1)
                                         _154_ (net)
                  0.33    0.00    1.43 ^ _413_/B (sky130_fd_sc_hd__xor2_1)
     1    0.00    0.13    0.18    1.62 ^ _413_/X (sky130_fd_sc_hd__xor2_1)
                                         _082_ (net)
                  0.13    0.00    1.62 ^ master.scl_int$_DFFE_PP1N_/D (sky130_fd_sc_hd__dfstp_2)
                                  1.62   data arrival time

                         10.00   10.00   clock core_clock (rise edge)
                          0.00   10.00   clock source latency
     1    0.01    0.00    0.00   10.00 ^ clk (in)
                                         clk (net)
                  0.00    0.00   10.00 ^ clkbuf_0_clk/A (sky130_fd_sc_hd__clkbuf_8)
     2    0.01    0.04    0.11   10.11 ^ clkbuf_0_clk/X (sky130_fd_sc_hd__clkbuf_8)
                                         clknet_0_clk (net)
                  0.04    0.00   10.11 ^ clkbuf_1_1__f_clk/A (sky130_fd_sc_hd__clkbuf_8)
     9    0.03    0.06    0.14   10.25 ^ clkbuf_1_1__f_clk/X (sky130_fd_sc_hd__clkbuf_8)
                                         clknet_1_1__leaf_clk (net)
                  0.06    0.00   10.25 ^ master.scl_int$_DFFE_PP1N_/CLK (sky130_fd_sc_hd__dfstp_2)
                          0.00   10.25   clock reconvergence pessimism
                         -0.07   10.18   library setup time
                                 10.18   data required time
-----------------------------------------------------------------------------
                                 10.18   data required time
                                 -1.62   data arrival time
-----------------------------------------------------------------------------
                                  8.56   slack (MET)



==========================================================================
cts final report_checks -unconstrained
--------------------------------------------------------------------------
Startpoint: master.clk_cnt[9]$_DFF_PP0_
            (rising edge-triggered flip-flop clocked by core_clock)
Endpoint: master.scl_int$_DFFE_PP1N_
          (rising edge-triggered flip-flop clocked by core_clock)
Path Group: core_clock
Path Type: max

Fanout     Cap    Slew   Delay    Time   Description
-----------------------------------------------------------------------------
                          0.00    0.00   clock core_clock (rise edge)
                          0.00    0.00   clock source latency
     1    0.01    0.00    0.00    0.00 ^ clk (in)
                                         clk (net)
                  0.00    0.00    0.00 ^ clkbuf_0_clk/A (sky130_fd_sc_hd__clkbuf_8)
     2    0.01    0.04    0.11    0.11 ^ clkbuf_0_clk/X (sky130_fd_sc_hd__clkbuf_8)
                                         clknet_0_clk (net)
                  0.04    0.00    0.11 ^ clkbuf_1_0__f_clk/A (sky130_fd_sc_hd__clkbuf_8)
     9    0.03    0.06    0.14    0.25 ^ clkbuf_1_0__f_clk/X (sky130_fd_sc_hd__clkbuf_8)
                                         clknet_1_0__leaf_clk (net)
                  0.06    0.00    0.25 ^ master.clk_cnt[9]$_DFF_PP0_/CLK (sky130_fd_sc_hd__dfrtp_1)
     6    0.02    0.11    0.44    0.69 v master.clk_cnt[9]$_DFF_PP0_/Q (sky130_fd_sc_hd__dfrtp_1)
                                         master.clk_cnt[9] (net)
                  0.11    0.00    0.69 v _326_/A (sky130_fd_sc_hd__nor4b_1)
     1    0.00    0.24    0.30    0.99 ^ _326_/Y (sky130_fd_sc_hd__nor4b_1)
                                         _152_ (net)
                  0.24    0.00    0.99 ^ _328_/C (sky130_fd_sc_hd__and4_1)
     9    0.03    0.33    0.44    1.43 ^ _328_/X (sky130_fd_sc_hd__and4_1)
                                         _154_ (net)
                  0.33    0.00    1.43 ^ _413_/B (sky130_fd_sc_hd__xor2_1)
     1    0.00    0.13    0.18    1.62 ^ _413_/X (sky130_fd_sc_hd__xor2_1)
                                         _082_ (net)
                  0.13    0.00    1.62 ^ master.scl_int$_DFFE_PP1N_/D (sky130_fd_sc_hd__dfstp_2)
                                  1.62   data arrival time

                         10.00   10.00   clock core_clock (rise edge)
                          0.00   10.00   clock source latency
     1    0.01    0.00    0.00   10.00 ^ clk (in)
                                         clk (net)
                  0.00    0.00   10.00 ^ clkbuf_0_clk/A (sky130_fd_sc_hd__clkbuf_8)
     2    0.01    0.04    0.11   10.11 ^ clkbuf_0_clk/X (sky130_fd_sc_hd__clkbuf_8)
                                         clknet_0_clk (net)
                  0.04    0.00   10.11 ^ clkbuf_1_1__f_clk/A (sky130_fd_sc_hd__clkbuf_8)
     9    0.03    0.06    0.14   10.25 ^ clkbuf_1_1__f_clk/X (sky130_fd_sc_hd__clkbuf_8)
                                         clknet_1_1__leaf_clk (net)
                  0.06    0.00   10.25 ^ master.scl_int$_DFFE_PP1N_/CLK (sky130_fd_sc_hd__dfstp_2)
                          0.00   10.25   clock reconvergence pessimism
                         -0.07   10.18   library setup time
                                 10.18   data required time
-----------------------------------------------------------------------------
                                 10.18   data required time
                                 -1.62   data arrival time
-----------------------------------------------------------------------------
                                  8.56   slack (MET)



==========================================================================
cts final report_check_types -max_slew -max_cap -max_fanout -violators
--------------------------------------------------------------------------

==========================================================================
cts final max_slew_check_slack
--------------------------------------------------------------------------
0.536303699016571

==========================================================================
cts final max_slew_check_limit
--------------------------------------------------------------------------
1.4953149557113647

==========================================================================
cts final max_slew_check_slack_limit
--------------------------------------------------------------------------
0.3587

==========================================================================
cts final max_fanout_check_slack
--------------------------------------------------------------------------
1.0000000150474662e+30

==========================================================================
cts final max_fanout_check_limit
--------------------------------------------------------------------------
1.0000000150474662e+30

==========================================================================
cts final max_capacitance_check_slack
--------------------------------------------------------------------------
0.01625920832157135

==========================================================================
cts final max_capacitance_check_limit
--------------------------------------------------------------------------
0.021067000925540924

==========================================================================
cts final max_capacitance_check_slack_limit
--------------------------------------------------------------------------
0.7718

==========================================================================
cts final max_slew_violation_count
--------------------------------------------------------------------------
max slew violation count 0

==========================================================================
cts final max_fanout_violation_count
--------------------------------------------------------------------------
max fanout violation count 0

==========================================================================
cts final max_cap_violation_count
--------------------------------------------------------------------------
max cap violation count 0

==========================================================================
cts final setup_violation_count
--------------------------------------------------------------------------
setup violation count 0

==========================================================================
cts final hold_violation_count
--------------------------------------------------------------------------
hold violation count 0

==========================================================================
cts final report_checks -path_delay max reg to reg
--------------------------------------------------------------------------
Startpoint: master.clk_cnt[9]$_DFF_PP0_
            (rising edge-triggered flip-flop clocked by core_clock)
Endpoint: master.scl_int$_DFFE_PP1N_
          (rising edge-triggered flip-flop clocked by core_clock)
Path Group: core_clock
Path Type: max

  Delay    Time   Description
---------------------------------------------------------
   0.00    0.00   clock core_clock (rise edge)
   0.00    0.00   clock source latency
   0.00    0.00 ^ clk (in)
   0.11    0.11 ^ clkbuf_0_clk/X (sky130_fd_sc_hd__clkbuf_8)
   0.14    0.25 ^ clkbuf_1_0__f_clk/X (sky130_fd_sc_hd__clkbuf_8)
   0.00    0.25 ^ master.clk_cnt[9]$_DFF_PP0_/CLK (sky130_fd_sc_hd__dfrtp_1)
   0.44    0.69 v master.clk_cnt[9]$_DFF_PP0_/Q (sky130_fd_sc_hd__dfrtp_1)
   0.30    0.99 ^ _326_/Y (sky130_fd_sc_hd__nor4b_1)
   0.44    1.43 ^ _328_/X (sky130_fd_sc_hd__and4_1)
   0.19    1.62 ^ _413_/X (sky130_fd_sc_hd__xor2_1)
   0.00    1.62 ^ master.scl_int$_DFFE_PP1N_/D (sky130_fd_sc_hd__dfstp_2)
           1.62   data arrival time

  10.00   10.00   clock core_clock (rise edge)
   0.00   10.00   clock source latency
   0.00   10.00 ^ clk (in)
   0.11   10.11 ^ clkbuf_0_clk/X (sky130_fd_sc_hd__clkbuf_8)
   0.14   10.25 ^ clkbuf_1_1__f_clk/X (sky130_fd_sc_hd__clkbuf_8)
   0.00   10.25 ^ master.scl_int$_DFFE_PP1N_/CLK (sky130_fd_sc_hd__dfstp_2)
   0.00   10.25   clock reconvergence pessimism
  -0.07   10.18   library setup time
          10.18   data required time
---------------------------------------------------------
          10.18   data required time
          -1.62   data arrival time
---------------------------------------------------------
           8.56   slack (MET)



==========================================================================
cts final report_checks -path_delay min reg to reg
--------------------------------------------------------------------------
Startpoint: master.clk_cnt[15]$_DFF_PP0_
            (rising edge-triggered flip-flop clocked by core_clock)
Endpoint: master.clk_cnt[15]$_DFF_PP0_
          (rising edge-triggered flip-flop clocked by core_clock)
Path Group: core_clock
Path Type: min

  Delay    Time   Description
---------------------------------------------------------
   0.00    0.00   clock core_clock (rise edge)
   0.00    0.00   clock source latency
   0.00    0.00 ^ clk (in)
   0.11    0.11 ^ clkbuf_0_clk/X (sky130_fd_sc_hd__clkbuf_8)
   0.14    0.25 ^ clkbuf_1_0__f_clk/X (sky130_fd_sc_hd__clkbuf_8)
   0.00    0.25 ^ master.clk_cnt[15]$_DFF_PP0_/CLK (sky130_fd_sc_hd__dfrtp_1)
   0.36    0.61 ^ master.clk_cnt[15]$_DFF_PP0_/Q (sky130_fd_sc_hd__dfrtp_1)
   0.08    0.69 v _373_/X (sky130_fd_sc_hd__xor2_1)
   0.00    0.69 v master.clk_cnt[15]$_DFF_PP0_/D (sky130_fd_sc_hd__dfrtp_1)
           0.69   data arrival time

   0.00    0.00   clock core_clock (rise edge)
   0.00    0.00   clock source latency
   0.00    0.00 ^ clk (in)
   0.11    0.11 ^ clkbuf_0_clk/X (sky130_fd_sc_hd__clkbuf_8)
   0.14    0.25 ^ clkbuf_1_0__f_clk/X (sky130_fd_sc_hd__clkbuf_8)
   0.00    0.25 ^ master.clk_cnt[15]$_DFF_PP0_/CLK (sky130_fd_sc_hd__dfrtp_1)
   0.00    0.25   clock reconvergence pessimism
  -0.04    0.21   library hold time
           0.21   data required time
---------------------------------------------------------
           0.21   data required time
          -0.69   data arrival time
---------------------------------------------------------
           0.48   slack (MET)



==========================================================================
cts final critical path target clock latency max path
--------------------------------------------------------------------------
0

==========================================================================
cts final critical path target clock latency min path
--------------------------------------------------------------------------
0

==========================================================================
cts final critical path source clock latency min path
--------------------------------------------------------------------------
0

==========================================================================
cts final critical path delay
--------------------------------------------------------------------------
1.6185

==========================================================================
cts final critical path slack
--------------------------------------------------------------------------
8.5592

==========================================================================
cts final slack div critical path delay
--------------------------------------------------------------------------
528.835341

==========================================================================
cts final report_power
--------------------------------------------------------------------------
Group                  Internal  Switching    Leakage      Total
                          Power      Power      Power      Power (Watts)
----------------------------------------------------------------
Sequential             6.94e-05   0.00e+00   6.39e-10   6.94e-05  52.5%
Combinational          7.68e-06   4.06e-06   7.24e-10   1.17e-05   8.9%
Clock                  2.83e-05   2.29e-05   2.28e-11   5.12e-05  38.7%
Macro                  0.00e+00   0.00e+00   0.00e+00   0.00e+00   0.0%
Pad                    0.00e+00   0.00e+00   0.00e+00   0.00e+00   0.0%
----------------------------------------------------------------
Total                  1.05e-04   2.69e-05   1.39e-09   1.32e-04 100.0%
                          79.6%      20.4%       0.0%
